[copay.io/index.html]
[backblue.gif]
[fade.gif]
[index.html]
[copay.io/images/social/card.jpg]
[copay.io/images/social/avatar.png]
[copay.io/images/touch/chrome-touch-icon-192x192.b29eb4d4.png]
[copay.io/apple-touch-icon-precomposed.png]
[copay.io/images/touch/ms-touch-icon-144x144-precomposed.7e0dab97.png]
[copay.io/favicon.ico]
[copay.io/images/banner.040042a3.jpg]
[copay.io/styles/main.990ab075.css]
[copay.io/images/bw-icons/apple.eceea407.svg]
[copay.io/images/bw-icons/google.3b431dbe.svg]
[copay.io/images/bw-icons/osx.cba21736.svg]
[copay.io/images/bw-icons/microsoft.c26579a2.svg]
[copay.io/images/bw-icons/linux.a032e2e1.svg]
[copay.io/images/faces-cell-complete.94485958.png]
[copay.io/images/faces-cell.0674131a.png]
[copay.io/images/user1.e97d71c3.svg]
[copay.io/images/user2.b5b0bd6a.svg]
[copay.io/images/user3.d2c1b742.svg]
[copay.io/images/user-checked.0403bb54.svg]
[copay.io/images/user-checked-phone.0f0d9a0f.svg]
[copay.io/images/side-phone-screen2.9c5c6ada.png]
[copay.io/images/multiple-wallets.93d2057d.png]
[copay.io/images/base-phone.28f413ca.png]
[copay.io/images/blue-wallet.09e0f3f6.png]
[copay.io/images/purple-wallet.465e04d3.png]
[copay.io/images/dotted-map.21cb0f04.png]
[copay.io/images/secure-payment-phone.6547cda6.png]
[copay.io/images/livenet-testnet.4e1cfe97.png]
[copay.io/images/livenet-testnet-base.994674bb.png]
[copay.io/images/code-trust.c76d3025.png]
[copay.io/images/code-phone-base.7e7bc484.png]
[copay.io/images/icon-applestore.edde3eb1.svg]
[copay.io/images/icon-playstore.52d042c9.svg]
[copay.io/images/icon-mac-os-x.9a830adb.svg]
[copay.io/images/icon-microsoft.3a603316.svg]
[copay.io/images/icon-globe.c465ce57.svg]
[copay.io/images/icon-linux.838752bb.svg]
[copay.io/images/icon-speech.d511e873.svg]
[copay.io/images/icon-wallet-arrow-down.a5e7f527.svg]
[copay.io/images/icon-flow.4ae3b974.svg]
[copay.io/index.html]
[copay.io/images/copay-logo-white.ab6ad37b.svg]
[copay.io/scripts/main.min.c947f9ca.js]
[copay.io/styles/main.990ab075.css]
[copay.io/images/bw-icons/apple.eceea407.svg]
[copay.io/images/bw-icons/google.3b431dbe.svg]
[copay.io/images/bw-icons/osx.cba21736.svg]
[copay.io/images/bw-icons/microsoft.c26579a2.svg]
[copay.io/images/bw-icons/linux.a032e2e1.svg]
[copay.io/images/user1.e97d71c3.svg]
[copay.io/images/user2.b5b0bd6a.svg]
[copay.io/images/user3.d2c1b742.svg]
[copay.io/images/user-checked.0403bb54.svg]
[copay.io/images/user-checked-phone.0f0d9a0f.svg]
[copay.io/images/copay-logo-dark.321a0193.svg]
[copay.io/images/404.f801a170.svg]
[copay.io/images/universal-network.html]
[copay.io/images/icon-applestore.edde3eb1.svg]
[copay.io/images/icon-playstore.52d042c9.svg]
[copay.io/images/icon-mac-os-x.9a830adb.svg]
[copay.io/images/icon-microsoft.3a603316.svg]
[copay.io/images/icon-linux.838752bb.svg]
[copay.io/images/icon-globe.c465ce57.svg]
[copay.io/images/icon-speech.d511e873.svg]
[copay.io/images/icon-wallet-arrow-down.a5e7f527.svg]
[copay.io/images/icon-flow.4ae3b974.svg]
[copay.io/images/copay-logo-white.ab6ad37b.svg]
[copay.io/images/copay-logo-dark.321a0193.svg]
[copay.io/images/apple-touch-icon-precomposed.html]
[copay.io/images/404.f801a170.svg]
